
> my-event-os@0.1.0 build
> next build

Γû▓ Next.js 16.1.3 (Turbopack)
- Environments: .env.local, .env

  Creating an optimized production build ...
Γ£ô Compiled successfully in 8.8s
  Running TypeScript ...
